// Jest Snapshot v1, https://goo.gl/fbAQLP

exports[`<AnimakitElastic /> should render 1`] = `
<div
  style={Object {}}
>
  <div
    style={Object {}}
  >
    <div
      style={Object {}}
    />
  </div>
</div>
`;
